export const snapshot = {};

snapshot[`formatCommentNode should format comment node with 0 indentation level 1`] = `'<!-- <uses-permission android:name="com.android.providers.tv.permission.WRITE_EPG_DATA" /> -->'`;

snapshot[`formatCommentNode should format comment node with 2 indentation level 1`] = `'        <!-- <uses-permission android:name="com.android.providers.tv.permission.WRITE_EPG_DATA" /> -->'`;

snapshot[`formatCommentNode should format comment node with 2 indentation level and 3 indentation 1`] = `'      <!-- <uses-permission android:name="com.android.providers.tv.permission.WRITE_EPG_DATA" /> -->'`;
